
    Anul 1:
      | Numar razboinici:  1
      | Numar colonisti:  1
      | Numar nomazi:  1

    Anul 2:
      | Numar razboinici:  1
      | Numar colonisti:  1
      | Numar nomazi:  1

    Anul 3:
      Colonistul de pe pozitia 3 are un urmas pe pozitia 2
      Individul de pe pozitia 3 a fost atacat de vecinul de pe pozitia 4 cu 21.14% dmg, din care 7.50% de la arma sa  !
      | Numar razboinici:  1
      | Numar colonisti:  2
      | Numar nomazi:  1

    Anul 4:
      Razboinicul de pe pozitia 4 are un urmas pe pozitia 5
      Individul de pe pozitia 3 a fost atacat de vecinul de pe pozitia 4 cu 18.64% dmg, din care 8.00% de la arma sa  !
      Colonistul de pe pozitia 3 a murit!
      Nomadul de pe pozitia 7 are un urmas pe pozitia 6
      | Numar razboinici:  2
      | Numar colonisti:  1
      | Numar nomazi:  2

    Anul 5:
      Razboinicul de pe pozitia 4 are un urmas pe pozitia 3
      Nomadul de pe pozitia 7 are un urmas pe pozitia 8
      | Numar razboinici:  3
      | Numar colonisti:  1
      | Numar nomazi:  3

    Anul 6:
      Colonistul de pe pozitia 2 are un urmas pe pozitia 1
      Individul de pe pozitia 3 a fost atacat de vecinul de pe pozitia 2 cu 22.02% dmg, din care 7.50% de la arma sa  !
      Nomadul de pe pozitia 6 a pradat 1.47% energie de la inamicul de pe pozitia 5
      | Numar razboinici:  3
      | Numar colonisti:  2
      | Numar nomazi:  3

    Anul 7:
      Individul de pe pozitia 3 a fost atacat de vecinul de pe pozitia 2 cu 20.55% dmg, din care 8.00% de la arma sa  !
      Razboinicul de pe pozitia 3 a murit!
      Razboinicul de pe pozitia 4 are un urmas pe pozitia 3
      Individul de pe pozitia 5 a fost atacat de vecinul de pe pozitia 6 cu 22.51% dmg, din care 7.50% de la arma sa  !
      | Numar razboinici:  3
      | Numar colonisti:  2
      | Numar nomazi:  3

    Anul 8:
      Razboinicul de pe pozitia 5 a murit!
      Nomadul de pe pozitia 6 are un urmas pe pozitia 5
      | Numar razboinici:  2
      | Numar colonisti:  2
      | Numar nomazi:  4

    Anul 9:
      Colonistul de pe pozitia 1 are un urmas pe pozitia 0
      Nomadul de pe pozitia 8 are un urmas pe pozitia 9
      | Numar razboinici:  2
      | Numar colonisti:  3
      | Numar nomazi:  5

    Anul 10:
      Individul de pe pozitia 2 a fost atacat de vecinul de pe pozitia 3 cu 20.52% dmg, din care 8.40% de la arma sa  ///}
      Colonistul de pe pozitia 2 a murit!
      | Numar razboinici:  2
      | Numar colonisti:  2
      | Numar nomazi:  5

    Anul 11:
      Colonistul de pe pozitia 1 are un urmas pe pozitia 2
      Nomadul de pe pozitia 5 a pradat 1.57% energie de la inamicul de pe pozitia 4
      Individul de pe pozitia 4 a fost atacat de vecinul de pe pozitia 5 cu 20.45% dmg, din care 7.45% de la arma sa  //}
      | Numar razboinici:  2
      | Numar colonisti:  3
      | Numar nomazi:  5

    Anul 12:
      Nomadul de pe pozitia 5 a pradat 0.22% energie de la inamicul de pe pozitia 4
      Individul de pe pozitia 4 a fost atacat de vecinul de pe pozitia 5 cu 19.19% dmg, din care 9.00% de la arma sa  ///}
      Razboinicul de pe pozitia 4 a murit!
      | Numar razboinici:  1
      | Numar colonisti:  3
      | Numar nomazi:  5

    Anul 13:
      Razboinicul de pe pozitia 3 are un urmas pe pozitia 4
      Nomadul de pe pozitia 9 are un urmas pe pozitia 10
      | Numar razboinici:  2
      | Numar colonisti:  3
      | Numar nomazi:  6

    Anul 14:
      Individul de pe pozitia 3 a fost atacat de vecinul de pe pozitia 2 cu 27.66% dmg, din care 7.50% de la arma sa  !
      Razboinicul de pe pozitia 3 a murit!
      | Numar razboinici:  1
      | Numar colonisti:  3
      | Numar nomazi:  6

    Anul 15:
      Colonistul de pe pozitia 2 are un urmas pe pozitia 3
      Nomadul de pe pozitia 5 a pradat 1.05% energie de la inamicul de pe pozitia 4
      | Numar razboinici:  1
      | Numar colonisti:  4
      | Numar nomazi:  6
